"D:/Users/Chirikalo/Lattice_proj/DKS-5351_fpga_for_MACHXO2_2000/impl1/source/top.v"
"D:/Users/Chirikalo/Lattice_proj/DKS-5351_fpga_for_MACHXO2_2000/impl1/source/dividers1.v"
"D:/Users/Chirikalo/Lattice_proj/DKS-5351_fpga_for_MACHXO2_2000/impl1/source/counter.v"
"D:/Users/Chirikalo/Lattice_proj/DKS-5351_fpga_for_MACHXO2_2000/impl1/source/capacitance_avk.v"
"D:/Users/Chirikalo/Lattice_proj/DKS-5351_fpga_for_MACHXO2_2000/impl1/source/highvoltage.v"
"D:/Users/Chirikalo/Lattice_proj/DKS-5351_fpga_for_MACHXO2_2000/impl1/source/main_ctrl.v"
"D:/Users/Chirikalo/Lattice_proj/DKS-5351_fpga_for_MACHXO2_2000/impl1/source/wb_ctrl.v"
"D:/Users/Chirikalo/Lattice_proj/DKS-5351_fpga_for_MACHXO2_2000/impl1/source/spi_not_efb.v"
"D:/Users/Chirikalo/Lattice_proj/DKS-5351_fpga_for_MACHXO2_2000/impl1/source/FIFO.v"
"D:/Users/Chirikalo/Lattice_proj/DKS-5351_fpga_for_MACHXO2_2000/impl1/source/RAM.v"
"D:/Users/Chirikalo/Lattice_proj/DKS-5351_fpga_for_MACHXO2_2000/impl1/source/testbench.v"
"D:/Users/Chirikalo/Lattice_proj/DKS-5351_fpga_for_MACHXO2_2000/impl1/source/testbench_clock_5ms.v"
"D:/Users/Chirikalo/Lattice_proj/DKS-5351_fpga_for_MACHXO2_2000/impl1/source/testbench_clock_4mhz.v"
"D:/Users/Chirikalo/Lattice_proj/DKS-5351_fpga_for_MACHXO2_2000/impl1/source/testbench_pulse_counter.v"
"D:/Users/Chirikalo/Lattice_proj/DKS-5351_fpga_for_MACHXO2_2000/impl1/source/testbench_antibounce.v"
"D:/Users/Chirikalo/Lattice_proj/DKS-5351_fpga_for_MACHXO2_2000/impl1/source/testbench_spi.v"
"D:/Users/Chirikalo/Lattice_proj/DKS-5351_fpga_for_MACHXO2_2000/impl1/source/tb_fifo.v"
